// Vitest Snapshot v1

exports[`Navigation > should render correctly 1`] = `
<div>
  <div
    class="css-128lsy5-Box-Flex-Navigation e2i8k6n2"
    color="bgDark"
  >
    <div
      class="css-1x3sxzl-Box e2i8k6n3"
    />
    <div
      class="css-1x3sxzl-Box e2i8k6n3"
    >
      <a
        class=""
        href="/buy-order-list"
      >
        Buy Orders
      </a>
    </div>
    <div
      class="css-1x3sxzl-Box e2i8k6n3"
    >
      <a
        class=""
        href="/dataset-list"
      >
        Datasets
      </a>
    </div>
  </div>
</div>
`;
