// Vitest Snapshot v1

exports[`ErrorFallback > should match snapshot 1`] = `
<div>
  <div
    class="css-1x3sxzl-Box edgsz5f3"
    role="alert"
  >
    <div
      class="css-wn5gmn-Box edgsz5f3"
      font-size="3"
    >
      Something went wrong.
    </div>
    <pre>
      message
    </pre>
  </div>
</div>
`;
