// Vitest Snapshot v1

exports[`GlobalCountrySelection > should match snapshot 1`] = `
<div>
  <div
    class="css-5uqfag-Box-Overlay edgsz5f2"
    height="100vh"
    width="100vw"
  />
  <div
    class="css-1q8bug2-Box-Flex-Overlay edgsz5f1"
    height="100vh"
    width="100vw"
  >
    <div
      class="css-18ya61d-Box-Flex edgsz5f1"
      height="100%"
      width="100%"
    >
      <div
        class="css-180d022-Box-Flex edgsz5f1"
        color="black"
      >
        <div
          class="css-13o8qag-Box edgsz5f2"
        >
          <div
            class="css-1x3sxzl-Box edgsz5f2"
          >
            <h3
              class="css-3dw4s3-Box edgsz5f2"
              color="gray1"
              font-size="2"
              font-weight="normal"
              text-decoration="underline"
            >
              Included countries
            </h3>
            <div
              class="css-vq3ac2-Box-Flex edgsz5f1"
            >
              <div>
                <button
                  class="css-3sr1pc-Box-RoundedButton edgsz5f2"
                >
                  United Kingdom
                </button>
              </div>
              <div>
                <button
                  class="css-arwt-Box-RoundedButton edgsz5f2"
                  color="gray1"
                >
                  United States
                </button>
              </div>
            </div>
          </div>
        </div>
      </div>
    </div>
  </div>
  <button
    class="css-17pgxs5-Clickable"
  >
    <div
      class="css-1oaq5sg-Box-Flex edgsz5f1"
      color="gray1"
    >
      <div
        class="css-1x3sxzl-Box edgsz5f2"
      >
        Showing
      </div>
      <div
        class="css-t4uyl-Box edgsz5f2"
        color="black"
        font-weight="bold"
      >
         
        3
         
      </div>
      <div
        class="css-1x3sxzl-Box edgsz5f2"
      >
        results from
      </div>
      <div
        class="css-t4uyl-Box edgsz5f2"
        color="black"
        font-weight="bold"
      >
         
        United Kingdom
         
      </div>
    </div>
  </button>
  ;
</div>
`;
